2026-10-04 20:28:12,334 - INFO - ingested configuration\configuration_export.json (6 passages)
2026-10-04 20:28:15,510 - INFO - ingested diagrams\system_diagram_electrical.png (1 passages)
2026-10-04 20:28:15,556 - INFO - ingested diagrams\system_diagram_hydraulic.pdf (10 passages)
2026-10-04 20:28:15,595 - INFO - ingested diagrams\wiring_diagram.pdf (6 passages)
2026-10-04 20:28:15,672 - INFO - ingested engineering_bulletins\ECN-1042.pdf (1 passages)
2026-10-04 20:28:15,722 - INFO - ingested engineering_bulletins\ECN-1058.pdf (1 passages)
2026-10-04 20:28:15,745 - INFO - ingested extra\training_slide_excerpt.pptx (3 passages)
2026-10-04 20:28:15,762 - INFO - ingested low_trust\site_survey_notes.docx (7 passages)
2026-10-04 20:28:15,800 - INFO - ingested manuals\legacy_manual_v1.html (23 passages)
2026-10-04 20:28:15,892 - INFO - ingested manuals\maintenance_manual.pdf (1 passages)
2026-10-04 20:28:16,020 - INFO - ingested manuals\operator_manual.pdf (6 passages)
2026-10-04 20:28:16,171 - INFO - ingested noise\safety_data_sheet_hydraulic_fluid.pdf (2 passages)
2026-10-04 20:28:16,266 - INFO - ingested reference\alarm_reference.pdf (5 passages)
2026-10-04 20:28:16,553 - INFO - ingested reference\component_register.xlsx (12 passages)
2026-10-04 20:28:16,567 - INFO - ingested reference\revision_history.xlsx (5 passages)
2026-10-04 20:28:16,582 - INFO - ingested reference\terminology_glossary.docx (12 passages)
2026-10-04 20:28:19,058 - INFO - ingested scans\scanned_appendix_calibration.pdf (1 passages)
2026-10-04 20:28:20,222 - INFO - ingested screenshots\screen_01_home.png (1 passages)
2026-10-04 20:28:21,223 - INFO - ingested screenshots\screen_02_alarms.png (1 passages)
2026-10-04 20:28:22,204 - INFO - ingested screenshots\screen_03_diagnostics.png (1 passages)
